// Jest Snapshot v1, https://goo.gl/fbAQLP

exports[`BottomTabBar <ScrollSpacer /> 1`] = `
<View
  style={
    Object {
      "height": 0,
    }
  }
/>
`;
