// Jest Snapshot v1, https://goo.gl/fbAQLP

exports[`<Divider /> renders correctly 1`] = `
<View
  style={
    Object {
      "backgroundColor": "rgba(0,0,0,0.1)",
      "height": 0.5,
    }
  }
/>
`;
