// Jest Snapshot v1, https://goo.gl/fbAQLP

exports[`<ErrorAppBar /> without error 1`] = `
<View
  style={
    Object {
      "alignItems": "center",
      "backgroundColor": "#f70737",
      "height": undefined,
      "justifyContent": "center",
    }
  }
>
  <Text
    style={
      Object {
        "color": "#fff",
        "paddingTop": 30,
      }
    }
  />
</View>
`;
