// Jest Snapshot v1, https://goo.gl/fbAQLP

exports[`<Section /> renders correctly 1`] = `
<View
  style={
    Array [
      Object {
        "alignItems": "center",
      },
      undefined,
    ]
  }
>
  <View
    style={
      Array [
        Object {
          "flex": 1,
          "maxWidth": 750,
          "padding": 14,
          "width": "100%",
        },
        undefined,
      ]
    }
  >
    <Text>
      Hello World!!!
    </Text>
  </View>
</View>
`;
