// Jest Snapshot v1, https://goo.gl/fbAQLP

exports[`<Surface /> renders correctly 1`] = `
<ViewManagerAdapter_ExpoBlurView
  proxiedProperties={
    Object {
      "intensity": 100,
      "tint": "dark",
    }
  }
  style={
    Array [
      undefined,
      Object {
        "backgroundColor": "transparent",
      },
    ]
  }
>
  <View
    style={
      Array [
        Object {
          "bottom": 0,
          "left": 0,
          "position": "absolute",
          "right": 0,
          "top": 0,
        },
        Object {
          "backgroundColor": "#FFFFFF",
          "opacity": 0.78,
        },
        undefined,
      ]
    }
  />
  <Text>
    Hello World
  </Text>
</ViewManagerAdapter_ExpoBlurView>
`;
